// Jest Snapshot v1, https://goo.gl/fbAQLP

exports[`Home page matches snapshot 1`] = `
<DocumentFragment>
  サインイン完了。 email: euro21st@gmail.com 
  <br />
  <button>
    Sign out
  </button>
  <form
    style="display: flex; flex-direction: column;"
  >
    <label
      style="display: flex; flex-direction: column;"
    >
      内容
      <input
        id="content"
        style="width: 500px;"
        type="text"
        value=""
      />
    </label>
    <button
      style="width: 100px; margin-top: 16px;"
    >
      Post
    </button>
  </form>
  <span>
    Now loading...
  </span>
</DocumentFragment>
`;
